// Jest Snapshot v1, https://goo.gl/fbAQLP

exports[`encode/decode archives: empty 1`] = `":FreeCBT:N4IgbiBcIIIE4GMAWBLMBTAtGAjCANCAC5ID2ArgOZJEDOUA2gLoC+QA:FreeCBT:"`;

exports[`encode/decode archives: multiple 1`] = `":FreeCBT:N4IgbiBcIIIE4GMAWBLMBTAtGAjCANCAC5ID2ArgOZJEDOUA2qAIblGkC2zRKCAKmSo0oIVuwIhkzADbT0AO0roRU6RJlF0cedzToBFakREaJCUpXkoeGACIpa7OD1Lz6kBqNmZScTPNISFEUQAF1CBDh0bnQAExhjaBwATgB2AAZMdJwsnD509MgCopwAOgAmAGYAFgAtCXIAB1iY+MSQFIzc3PzC4uyKmvrCcnIUWJFaTnRR8YkIaAMhImw8AF98FjZOXX5BIxNt8rMkGTlFZWhVY8INLR0bfX3haA0byQsrR/tHXxc3RheaQ+PwBIIhQi0QTSWKYRwxDgKOhhCJRVoJESdTLZHr9PrVUqVco4YYgJotTRtTFpbE5bK9Ir4wnE0mzCbQKaItnvBYgJZGVYgNahNZAA:FreeCBT:"`;

exports[`encode/decode archives: nonempty 1`] = `":FreeCBT:N4IgbiBcIIIE4GMAWBLMBTAtGAjCANCAC5ID2ArgOZJEDOUA2qAIblGkC2zRKCAKmSo0oIVuwIhkzADbT0AO0roRU6RJlF0cedzToBFakREaJCUpXkoeGACIpa7OD1Lz6kBqNmZScTPNISFEUQAF1CBDh0bnQAExhjaBwATgB2AAZMdJwsnD509MgCopwAOgAmAGYAFgAtCXIAB1iY+MSQFIzc3PzC4uyKmvrCcnIUWJFaTnRR8YkIaAMhImw8AF9QtaA===:FreeCBT:"`;
